Archive member included to satisfy reference by file (symbol)

/Applications/microchip/xc32/v4.45/bin/bin/../../lib/gcc/pic32c/8.3.1/../../../../pic32c/lib/thumb/v7e-m+fp/hard/libpic32c.a(data_init.o)
                              /var/folders/l7/ynd7dytx1mx_39scszr6b7qm0000gn/T//ccgVBcAW.o (__pic32c_data_initialization)
/Applications/microchip/xc32/v4.45/bin/bin/../../lib/gcc/pic32c/8.3.1/../../../../pic32c/lib/thumb/v7e-m+fp/hard/libc-size-musl.a(memcpy.o)
                              build/default/debug/peripheral/nvmctrl/plib_nvmctrl.o (memcpy)
/Applications/microchip/xc32/v4.45/bin/bin/../../lib/gcc/pic32c/8.3.1/../../../../pic32c/lib/thumb/v7e-m+fp/hard/libg-musl.a(__libc_start_main.o)
                              /var/folders/l7/ynd7dytx1mx_39scszr6b7qm0000gn/T//ccgVBcAW.o (__libc_init_array)
/Applications/microchip/xc32/v4.45/bin/bin/../../lib/gcc/pic32c/8.3.1/../../../../pic32c/lib/thumb/v7e-m+fp/hard/libg-musl.a(libc.o)
                              /Applications/microchip/xc32/v4.45/bin/bin/../../lib/gcc/pic32c/8.3.1/../../../../pic32c/lib/thumb/v7e-m+fp/hard/libg-musl.a(__libc_start_main.o) (__progname_full)
/Applications/microchip/xc32/v4.45/bin/bin/../../lib/gcc/pic32c/8.3.1/../../../../pic32c/lib/thumb/v7e-m+fp/hard/libg-musl.a(__environ.o)
                              /Applications/microchip/xc32/v4.45/bin/bin/../../lib/gcc/pic32c/8.3.1/../../../../pic32c/lib/thumb/v7e-m+fp/hard/libg-musl.a(__libc_start_main.o) (__environ)
/Applications/microchip/xc32/v4.45/bin/bin/../../lib/gcc/pic32c/8.3.1/../../../../pic32c/lib/thumb/v7e-m+fp/hard/libpic32c.a(pic32_data_init_clear.o)
                              (__dinit_clear_needed)
/Applications/microchip/xc32/v4.45/bin/bin/../../lib/gcc/pic32c/8.3.1/../../../../pic32c/lib/thumb/v7e-m+fp/hard/libpic32c.a(pic32_data_init_copy.o)
                              (__dinit_copy_needed)

Microchip PIC32 Memory-Usage Report

ROM Program-Memory Usage
section                    address  length [bytes]      (dec)  Description
-------                 ----------  -------------------------  -----------
.vectors                         0          0x260         608   
.text                        0x260           0x20          32  App's exec code 
.text                        0x280          0x56c        1388  App's exec code 
.text                        0x7ec          0x26c         620  App's exec code 
.text                        0xa58          0x228         552  App's exec code 
.text                        0xc80          0x178         376  App's exec code 
.text                        0xdf8          0x160         352  App's exec code 
.text.Reset_Handler          0xf58           0x90         144   
.dinit                       0xfe8           0x70         112   
.text.__libc_start_init     0x1058           0x5c          92   
.text                       0x10b4           0x40          64  App's exec code 
.text.__pic32c_data_ini     0x10f4           0x34          52   
.text                       0x1128           0x30          48  App's exec code 
.text                       0x1158           0x24          36  App's exec code 
.text.__dinit_copy          0x117c           0x1e          30   
.text.Dummy_Handler         0x119a            0x2           2   
.text.memcpy                0x119c           0x1c          28   
.rodata                     0x11b8           0x14          20  Read-only const 
.text.__dinit_clear         0x11cc           0x12          18   
.text                       0x11de            0xe          14  App's exec code 
.text.__dummy_decompres     0x11ec            0x4           4   
.text.__dummy               0x11f0            0x2           2   
      Total ROM used  :      0x11f2        4594  0.4% of 0x100000
        --------------------------------------------------------------------------
         Total Program Memory used  :      0x11f2        4594  0.4% of 0x100000
        --------------------------------------------------------------------------


RAM Data-Memory Usage
section                    address  length [bytes]      (dec)  Description
-------                 ----------  -------------------------  -----------
.bss                    0x20000000           0x50          80  Uninitialized data 
.bss                    0x20000050           0x1c          28  Uninitialized data 
.bss                    0x2000006c            0x4           4  Uninitialized data 
.bss                    0x20000070            0x4           4  Uninitialized data 
.bss                    0x20000074            0x2           2  Uninitialized data 
.bss                    0x20000076            0x1           1  Uninitialized data 
.data                   0x20000078            0x4           4  Initialized data 
.eh_frame               0x2000007c            0x4           4   
         Total RAM used  :        0x7f         127  0.0% of 0x40000
        --------------------------------------------------------------------------
            Total Data Memory used  :        0x7f         127  0.0% of 0x40000
        --------------------------------------------------------------------------


Dynamic Data-Memory Reservation
section                    address  length [bytes]      (dec)  Description
-------                 ----------  -------------------------  -----------
heap                    0x20000088           0x10          16  Reserved for heap 
stack                   0x200000b0        0x3ff48      261960  Reserved for stack 

        --------------------------------------------------------------------------

Microchip PIC32 Memory-Usage Report By Module

        text        data         bss         dec         hex    basename                   filename
--------------------------------------------------------------------------------
        1388           0           2        1390         56e    plib_nvmctrl.o         build/default/debug/peripheral/nvmctrl/plib_nvmctrl.o
         754           0           1         755         2f3    ccgVBcAW.o             /var/folders/l7/ynd7dytx1mx_39scszr6b7qm0000gn/T//ccgVBcAW.o
         620           0           0         620         26c    plib_port.o            build/default/debug/peripheral/port/plib_port.o
         552           0           0         552         228    plib_nvic.o            build/default/debug/peripheral/nvic/plib_nvic.o
         376           0           0         376         178    plib_clock.o           build/default/debug/peripheral/clock/plib_clock.o
         352           0           0         352         160    plib_cmcc.o            build/default/debug/peripheral/cmcc/plib_cmcc.o
         112           0           0         112          70    data_init              data_init
          72           4          28         104          68    crtbegin.o             /Applications/microchip/xc32/v4.45/bin/bin/../../lib/gcc/pic32c/8.3.1/thumb/v7e-m+fp/hard/crtbegin.o
          94           0           0          94          5e    __libc_start_main.o    libg-musl.a
           0           0          80          80          50    libc.o                 libg-musl.a
          76           0           4          80          50    data_init.o            libpic32c.a
          48           0           0          48          30    main.o                 build/default/debug/main.o
          48           0           0          48          30    initialization.o       build/default/debug/initialization.o
          30           0           0          30          1e    pic32_data_init_copy.o libpic32c.a
          28           0           0          28          1c    memcpy.o               libc-size-musl.a
          18           0           0          18          12    pic32_data_init_clear.olibpic32c.a
          16           0           0          16          10    crtn.o                 /Applications/microchip/xc32/v4.45/bin/bin/../../lib/gcc/pic32c/8.3.1/thumb/v7e-m+fp/hard/crtn.o
          14           0           0          14           e    plib_evsys.o           build/default/debug/peripheral/evsys/plib_evsys.o
           8           0           0           8           8    crti.o                 /Applications/microchip/xc32/v4.45/bin/bin/../../lib/gcc/pic32c/8.3.1/thumb/v7e-m+fp/hard/crti.o
           0           0           4           4           4    __environ.o            libg-musl.a
           0           4           0           4           4    crtend.o               /Applications/microchip/xc32/v4.45/bin/bin/../../lib/gcc/pic32c/8.3.1/thumb/v7e-m+fp/hard/crtend.o
--------------------------------------------------------------------------------
        4606           8         119        4733        127d    dist/default/debug/desperate_attempt_PWM.X.debug.elf


Discarded input sections

 .xc_stack_usage.hdr
                0x0000000000000000        0xe /Applications/microchip/xc32/v4.45/bin/bin/../../lib/gcc/pic32c/8.3.1/thumb/v7e-m+fp/hard/crti.o
 .xc_stack_usage
                0x0000000000000000       0x26 /Applications/microchip/xc32/v4.45/bin/bin/../../lib/gcc/pic32c/8.3.1/thumb/v7e-m+fp/hard/crti.o
 .xc_stack_usage
                0x0000000000000000       0x3c /Applications/microchip/xc32/v4.45/bin/bin/../../lib/gcc/pic32c/8.3.1/thumb/v7e-m+fp/hard/crtbegin.o
 .xc_stack_usage.hdr
                0x0000000000000000        0xe /Applications/microchip/xc32/v4.45/bin/bin/../../lib/gcc/pic32c/8.3.1/thumb/v7e-m+fp/hard/crtbegin.o
 .xc_stack_usage
                0x0000000000000000       0x4a /Applications/microchip/xc32/v4.45/bin/bin/../../lib/gcc/pic32c/8.3.1/../../../../pic32c/lib/thumb/v7e-m+fp/hard/libpic32c.a(data_init.o)
 .xc_stack_usage.hdr
                0x0000000000000000        0xe /Applications/microchip/xc32/v4.45/bin/bin/../../lib/gcc/pic32c/8.3.1/../../../../pic32c/lib/thumb/v7e-m+fp/hard/libpic32c.a(data_init.o)
 .xc_stack_usage
                0x0000000000000000       0x14 /Applications/microchip/xc32/v4.45/bin/bin/../../lib/gcc/pic32c/8.3.1/../../../../pic32c/lib/thumb/v7e-m+fp/hard/libc-size-musl.a(memcpy.o)
 .xc_stack_usage.hdr
                0x0000000000000000        0xe /Applications/microchip/xc32/v4.45/bin/bin/../../lib/gcc/pic32c/8.3.1/../../../../pic32c/lib/thumb/v7e-m+fp/hard/libc-size-musl.a(memcpy.o)
 .xc_stack_usage
                0x0000000000000000       0x34 /Applications/microchip/xc32/v4.45/bin/bin/../../lib/gcc/pic32c/8.3.1/../../../../pic32c/lib/thumb/v7e-m+fp/hard/libg-musl.a(__libc_start_main.o)
 .xc_stack_usage.hdr
                0x0000000000000000        0xe /Applications/microchip/xc32/v4.45/bin/bin/../../lib/gcc/pic32c/8.3.1/../../../../pic32c/lib/thumb/v7e-m+fp/hard/libg-musl.a(__libc_start_main.o)
 .xc_stack_usage.hdr
                0x0000000000000000        0xe /Applications/microchip/xc32/v4.45/bin/bin/../../lib/gcc/pic32c/8.3.1/../../../../pic32c/lib/thumb/v7e-m+fp/hard/libg-musl.a(libc.o)
 .xc_stack_usage.hdr
                0x0000000000000000        0xe /Applications/microchip/xc32/v4.45/bin/bin/../../lib/gcc/pic32c/8.3.1/../../../../pic32c/lib/thumb/v7e-m+fp/hard/libg-musl.a(__environ.o)
 .xc_stack_usage.hdr
                0x0000000000000000        0xe /Applications/microchip/xc32/v4.45/bin/bin/../../lib/gcc/pic32c/8.3.1/thumb/v7e-m+fp/hard/crtend.o
 .xc_stack_usage.hdr
                0x0000000000000000        0xe /Applications/microchip/xc32/v4.45/bin/bin/../../lib/gcc/pic32c/8.3.1/thumb/v7e-m+fp/hard/crtn.o
 .xc_stack_usage
                0x0000000000000000       0x1b /Applications/microchip/xc32/v4.45/bin/bin/../../lib/gcc/pic32c/8.3.1/../../../../pic32c/lib/thumb/v7e-m+fp/hard/libpic32c.a(pic32_data_init_clear.o)
 .xc_stack_usage.hdr
                0x0000000000000000        0xe /Applications/microchip/xc32/v4.45/bin/bin/../../lib/gcc/pic32c/8.3.1/../../../../pic32c/lib/thumb/v7e-m+fp/hard/libpic32c.a(pic32_data_init_clear.o)
 .xc_stack_usage
                0x0000000000000000       0x1a /Applications/microchip/xc32/v4.45/bin/bin/../../lib/gcc/pic32c/8.3.1/../../../../pic32c/lib/thumb/v7e-m+fp/hard/libpic32c.a(pic32_data_init_copy.o)
 .xc_stack_usage.hdr
                0x0000000000000000        0xe /Applications/microchip/xc32/v4.45/bin/bin/../../lib/gcc/pic32c/8.3.1/../../../../pic32c/lib/thumb/v7e-m+fp/hard/libpic32c.a(pic32_data_init_copy.o)

Memory Configuration

Name             Origin             Length             Attributes
rom              0x0000000000000000 0x0000000000100000 xrl
ram              0x0000000020000000 0x0000000000040000 xw !r
tcm              0x0000000003000000 0x0000000000000000 xw
bkupram          0x0000000047000000 0x0000000000002000
config_00804000  0x0000000000804000 0x0000000000000004
config_00804004  0x0000000000804004 0x0000000000000004
config_00804008  0x0000000000804008 0x0000000000000004
*default*        0x0000000000000000 0xffffffffffffffff

Linker script and memory map

LOAD /Applications/microchip/xc32/v4.45/bin/bin/../../lib/gcc/pic32c/8.3.1/thumb/v7e-m+fp/hard/crti.o
LOAD /Applications/microchip/xc32/v4.45/bin/bin/../../lib/gcc/pic32c/8.3.1/thumb/v7e-m+fp/hard/crtbegin.o
LOAD build/default/debug/peripheral/clock/plib_clock.o
LOAD build/default/debug/peripheral/cmcc/plib_cmcc.o
LOAD build/default/debug/peripheral/evsys/plib_evsys.o
LOAD build/default/debug/peripheral/nvic/plib_nvic.o
LOAD build/default/debug/peripheral/nvmctrl/plib_nvmctrl.o
LOAD build/default/debug/peripheral/port/plib_port.o
LOAD build/default/debug/initialization.o
LOAD build/default/debug/main.o
                0x0000000000000001                __MPLAB_BUILD = 0x1
                0x0000000000000001                __MPLAB_DEBUG = 0x1
                0x0000000000000001                __DEBUG = 0x1
                0x0000000000000001                __MPLAB_DEBUGGER_SIMULATOR = 0x1
LOAD /var/folders/l7/ynd7dytx1mx_39scszr6b7qm0000gn/T//ccgVBcAW.o
START GROUP
LOAD /Applications/microchip/xc32/v4.45/bin/bin/../../lib/gcc/pic32c/8.3.1/../../../../pic32c/lib/thumb/v7e-m+fp/hard/libpic32c.a
LOAD /Applications/microchip/xc32/v4.45/bin/bin/../../lib/gcc/pic32c/8.3.1/../../../../pic32c/lib/thumb/v7e-m+fp/hard/libc-size-musl.a
LOAD /Applications/microchip/xc32/v4.45/bin/bin/../../lib/gcc/pic32c/8.3.1/../../../../pic32c/lib/thumb/v7e-m+fp/hard/liblmalloc-musl.a
LOAD /Applications/microchip/xc32/v4.45/bin/bin/../../lib/gcc/pic32c/8.3.1/../../../../pic32c/lib/thumb/v7e-m+fp/hard/libm-fast-emfloat.a
LOAD /Applications/microchip/xc32/v4.45/bin/bin/../../lib/gcc/pic32c/8.3.1/../../../../pic32c/lib/thumb/v7e-m+fp/hard/libm-musl.a
LOAD /Applications/microchip/xc32/v4.45/bin/bin/../../lib/gcc/pic32c/8.3.1/../../../../pic32c/lib/thumb/v7e-m+fp/hard/libg-musl.a
LOAD /Applications/microchip/xc32/v4.45/bin/bin/../../lib/gcc/pic32c/8.3.1/../../../../pic32c/lib/thumb/v7e-m+fp/hard/libc-musl.a
LOAD /Applications/microchip/xc32/v4.45/bin/bin/../../lib/gcc/pic32c/8.3.1/../../../../pic32c/lib/thumb/v7e-m+fp/hard/libm-fast-emfloat.a
LOAD /Applications/microchip/xc32/v4.45/bin/bin/../../lib/gcc/pic32c/8.3.1/../../../../pic32c/lib/thumb/v7e-m+fp/hard/libm-musl.a
LOAD /Applications/microchip/xc32/v4.45/bin/bin/../../lib/gcc/pic32c/8.3.1/thumb/v7e-m+fp/hard/libgcc.a
END GROUP
LOAD /Applications/microchip/xc32/v4.45/bin/bin/../../lib/gcc/pic32c/8.3.1/thumb/v7e-m+fp/hard/crtend.o
LOAD /Applications/microchip/xc32/v4.45/bin/bin/../../lib/gcc/pic32c/8.3.1/thumb/v7e-m+fp/hard/crtn.o
                0x0000000000100000                __rom_end = (ORIGIN (rom) + LENGTH (rom))
                0x0000000020040000                __ram_end = (ORIGIN (ram) + LENGTH (ram))

.config_00804000
                0x0000000000804000        0x4
 *(.config_00804000)
 .config_00804000
                0x0000000000804000        0x4 build/default/debug/initialization.o
                0x0000000000804000                __config_00804000

.config_00804004
                0x0000000000804004        0x4
 *(.config_00804004)
 .config_00804004
                0x0000000000804004        0x4 build/default/debug/initialization.o
                0x0000000000804004                __config_00804004

.config_00804008
                0x0000000000804008        0x4
 *(.config_00804008)
 .config_00804008
                0x0000000000804008        0x4 build/default/debug/initialization.o
                0x0000000000804008                __config_00804008

.vectors        0x0000000000000000      0x260
                0x0000000000000000                . = ALIGN (0x4)
                0x0000000000000000                _sfixed = .
 *(.vectors .vectors.* .vectors_default .vectors_default.*)
 .vectors.default
                0x0000000000000000      0x260 /var/folders/l7/ynd7dytx1mx_39scszr6b7qm0000gn/T//ccgVBcAW.o
                0x0000000000000000                exception_table
 *(.isr_vector)
 *(.reset*)
 *(.after_vectors)

.text           0x0000000000000260       0x20
                0x0000000000000260                . = ALIGN (0x4)
 *(.glue_7t)
 .glue_7t       0x0000000000000260        0x0 linker stubs
 *(.glue_7)
 .glue_7        0x0000000000000260        0x0 linker stubs
 *(.gnu.linkonce.r.*)
 *(.ARM.extab* .gnu.linkonce.armextab.*)
                0x0000000000000260                . = ALIGN (0x4)
 *(.init)
 .init          0x0000000000000260        0x4 /Applications/microchip/xc32/v4.45/bin/bin/../../lib/gcc/pic32c/8.3.1/thumb/v7e-m+fp/hard/crti.o
                0x0000000000000260                _init
 .init          0x0000000000000264        0x8 /Applications/microchip/xc32/v4.45/bin/bin/../../lib/gcc/pic32c/8.3.1/thumb/v7e-m+fp/hard/crtn.o
                0x000000000000026c                . = ALIGN (0x4)
                0x000000000000026c                __preinit_array_start = .
 *(.preinit_array)
                0x000000000000026c                __preinit_array_end = .
                0x000000000000026c                . = ALIGN (0x4)
                0x000000000000026c                __init_array_start = .
 *(SORT_BY_NAME(.init_array.*))
 *(.init_array)
 .init_array    0x000000000000026c        0x4 /Applications/microchip/xc32/v4.45/bin/bin/../../lib/gcc/pic32c/8.3.1/thumb/v7e-m+fp/hard/crtbegin.o
                0x0000000000000270                __init_array_end = .
                0x0000000000000270                . = ALIGN (0x4)
 *crtbegin.o(.ctors)
 *(EXCLUDE_FILE(*crtend.o) .ctors)
 *(SORT_BY_NAME(.ctors.*))
 *crtend.o(.ctors)
                0x0000000000000270                . = ALIGN (0x4)
 *(.fini)
 .fini          0x0000000000000270        0x4 /Applications/microchip/xc32/v4.45/bin/bin/../../lib/gcc/pic32c/8.3.1/thumb/v7e-m+fp/hard/crti.o
                0x0000000000000270                _fini
 .fini          0x0000000000000274        0x8 /Applications/microchip/xc32/v4.45/bin/bin/../../lib/gcc/pic32c/8.3.1/thumb/v7e-m+fp/hard/crtn.o
                0x000000000000027c                . = ALIGN (0x4)
                0x000000000000027c                __fini_array_start = .
 *(.fini_array)
 .fini_array    0x000000000000027c        0x4 /Applications/microchip/xc32/v4.45/bin/bin/../../lib/gcc/pic32c/8.3.1/thumb/v7e-m+fp/hard/crtbegin.o
 *(SORT_BY_NAME(.fini_array.*))
                0x0000000000000280                __fini_array_end = .
 *crtbegin.o(.dtors)
 *(EXCLUDE_FILE(*crtend.o) .dtors)
 *(SORT_BY_NAME(.dtors.*))
 *crtend.o(.dtors)
                0x0000000000000280                . = ALIGN (0x4)
                0x0000000000000280                _efixed = .
                [!provide]                        PROVIDE (__exidx_start = .)

.ARM.exidx
 *(.ARM.exidx* .gnu.linkonce.armexidx.*)
                [!provide]                        PROVIDE (__exidx_end = .)
                0x0000000000000280                . = ALIGN (0x4)
                0x0000000000000280                _etext = .

.bss            0x0000000020000000        0x0
                0x0000000020000000                . = ALIGN (0x4)
                0x0000000020000000                __bss_start__ = .
                0x0000000020000000                _sbss = .
                0x0000000020000000                _szero = .
 *(COMMON)
                0x0000000020000000                . = ALIGN (0x4)
                0x0000000020000000                __bss_end__ = .
                0x0000000020000000                _ebss = .
                0x0000000020000000                _ezero = .
                0x0000000020000000                . = ALIGN (0x4)
                0x0000000020000000                _end = .
                0x000000002003ffff                _ram_end_ = ((ORIGIN (ram) + LENGTH (ram)) - 0x1)

.bkupram_bss
 *(.bkupram_bss .bkupram_bss.*)
 *(.pbss .pbss.*)
OUTPUT(dist/default/debug/desperate_attempt_PWM.X.debug.elf elf32-littlearm)
LOAD data_init
LOAD stack

.ARM.attributes
                0x0000000000000000       0x34
 .ARM.attributes
                0x0000000000000000       0x1e /Applications/microchip/xc32/v4.45/bin/bin/../../lib/gcc/pic32c/8.3.1/thumb/v7e-m+fp/hard/crti.o
 .ARM.attributes
                0x000000000000001e       0x34 /Applications/microchip/xc32/v4.45/bin/bin/../../lib/gcc/pic32c/8.3.1/thumb/v7e-m+fp/hard/crtbegin.o
 .ARM.attributes
                0x0000000000000052       0x34 build/default/debug/peripheral/clock/plib_clock.o
 .ARM.attributes
                0x0000000000000086       0x34 build/default/debug/peripheral/cmcc/plib_cmcc.o
 .ARM.attributes
                0x00000000000000ba       0x34 build/default/debug/peripheral/evsys/plib_evsys.o
 .ARM.attributes
                0x00000000000000ee       0x34 build/default/debug/peripheral/nvic/plib_nvic.o
 .ARM.attributes
                0x0000000000000122       0x34 build/default/debug/peripheral/nvmctrl/plib_nvmctrl.o
 .ARM.attributes
                0x0000000000000156       0x34 build/default/debug/peripheral/port/plib_port.o
 .ARM.attributes
                0x000000000000018a       0x34 build/default/debug/initialization.o
 .ARM.attributes
                0x00000000000001be       0x34 build/default/debug/main.o
 .ARM.attributes
                0x00000000000001f2       0x34 /var/folders/l7/ynd7dytx1mx_39scszr6b7qm0000gn/T//ccgVBcAW.o
 .ARM.attributes
                0x0000000000000226       0x34 /Applications/microchip/xc32/v4.45/bin/bin/../../lib/gcc/pic32c/8.3.1/../../../../pic32c/lib/thumb/v7e-m+fp/hard/libpic32c.a(data_init.o)
 .ARM.attributes
                0x000000000000025a       0x36 /Applications/microchip/xc32/v4.45/bin/bin/../../lib/gcc/pic32c/8.3.1/../../../../pic32c/lib/thumb/v7e-m+fp/hard/libc-size-musl.a(memcpy.o)
 .ARM.attributes
                0x0000000000000290       0x36 /Applications/microchip/xc32/v4.45/bin/bin/../../lib/gcc/pic32c/8.3.1/../../../../pic32c/lib/thumb/v7e-m+fp/hard/libg-musl.a(__libc_start_main.o)
 .ARM.attributes
                0x00000000000002c6       0x34 /Applications/microchip/xc32/v4.45/bin/bin/../../lib/gcc/pic32c/8.3.1/../../../../pic32c/lib/thumb/v7e-m+fp/hard/libg-musl.a(libc.o)
 .ARM.attributes
                0x00000000000002fa       0x34 /Applications/microchip/xc32/v4.45/bin/bin/../../lib/gcc/pic32c/8.3.1/../../../../pic32c/lib/thumb/v7e-m+fp/hard/libg-musl.a(__environ.o)
 .ARM.attributes
                0x000000000000032e       0x32 /Applications/microchip/xc32/v4.45/bin/bin/../../lib/gcc/pic32c/8.3.1/thumb/v7e-m+fp/hard/crtend.o
 .ARM.attributes
                0x0000000000000360       0x1e /Applications/microchip/xc32/v4.45/bin/bin/../../lib/gcc/pic32c/8.3.1/thumb/v7e-m+fp/hard/crtn.o
 .ARM.attributes
                0x000000000000037e       0x34 /Applications/microchip/xc32/v4.45/bin/bin/../../lib/gcc/pic32c/8.3.1/../../../../pic32c/lib/thumb/v7e-m+fp/hard/libpic32c.a(pic32_data_init_clear.o)
 .ARM.attributes
                0x00000000000003b2       0x34 /Applications/microchip/xc32/v4.45/bin/bin/../../lib/gcc/pic32c/8.3.1/../../../../pic32c/lib/thumb/v7e-m+fp/hard/libpic32c.a(pic32_data_init_copy.o)

.comment        0x0000000000000000       0x2b
 .comment       0x0000000000000000       0x2b /Applications/microchip/xc32/v4.45/bin/bin/../../lib/gcc/pic32c/8.3.1/thumb/v7e-m+fp/hard/crtbegin.o
                                         0x2c (size before relaxing)
 .comment       0x000000000000002b       0x2c build/default/debug/peripheral/clock/plib_clock.o
 .comment       0x000000000000002b       0x2c build/default/debug/peripheral/cmcc/plib_cmcc.o
 .comment       0x000000000000002b       0x2c build/default/debug/peripheral/evsys/plib_evsys.o
 .comment       0x000000000000002b       0x2c build/default/debug/peripheral/nvic/plib_nvic.o
 .comment       0x000000000000002b       0x2c build/default/debug/peripheral/nvmctrl/plib_nvmctrl.o
 .comment       0x000000000000002b       0x2c build/default/debug/peripheral/port/plib_port.o
 .comment       0x000000000000002b       0x2c build/default/debug/initialization.o
 .comment       0x000000000000002b       0x2c build/default/debug/main.o
 .comment       0x000000000000002b       0x2c /var/folders/l7/ynd7dytx1mx_39scszr6b7qm0000gn/T//ccgVBcAW.o
 .comment       0x000000000000002b       0x2c /Applications/microchip/xc32/v4.45/bin/bin/../../lib/gcc/pic32c/8.3.1/../../../../pic32c/lib/thumb/v7e-m+fp/hard/libpic32c.a(data_init.o)
 .comment       0x000000000000002b       0x2c /Applications/microchip/xc32/v4.45/bin/bin/../../lib/gcc/pic32c/8.3.1/../../../../pic32c/lib/thumb/v7e-m+fp/hard/libc-size-musl.a(memcpy.o)
 .comment       0x000000000000002b       0x2c /Applications/microchip/xc32/v4.45/bin/bin/../../lib/gcc/pic32c/8.3.1/../../../../pic32c/lib/thumb/v7e-m+fp/hard/libg-musl.a(__libc_start_main.o)
 .comment       0x000000000000002b       0x2c /Applications/microchip/xc32/v4.45/bin/bin/../../lib/gcc/pic32c/8.3.1/../../../../pic32c/lib/thumb/v7e-m+fp/hard/libg-musl.a(libc.o)
 .comment       0x000000000000002b       0x2c /Applications/microchip/xc32/v4.45/bin/bin/../../lib/gcc/pic32c/8.3.1/../../../../pic32c/lib/thumb/v7e-m+fp/hard/libg-musl.a(__environ.o)
 .comment       0x000000000000002b       0x2c /Applications/microchip/xc32/v4.45/bin/bin/../../lib/gcc/pic32c/8.3.1/thumb/v7e-m+fp/hard/crtend.o
 .comment       0x000000000000002b       0x2c /Applications/microchip/xc32/v4.45/bin/bin/../../lib/gcc/pic32c/8.3.1/../../../../pic32c/lib/thumb/v7e-m+fp/hard/libpic32c.a(pic32_data_init_clear.o)
 .comment       0x000000000000002b       0x2c /Applications/microchip/xc32/v4.45/bin/bin/../../lib/gcc/pic32c/8.3.1/../../../../pic32c/lib/thumb/v7e-m+fp/hard/libpic32c.a(pic32_data_init_copy.o)

.debug_info     0x0000000000000000     0x3c55
 .debug_info    0x0000000000000000      0x61e build/default/debug/peripheral/clock/plib_clock.o
 .debug_info    0x000000000000061e      0x215 build/default/debug/peripheral/cmcc/plib_cmcc.o
 .debug_info    0x0000000000000833       0x98 build/default/debug/peripheral/evsys/plib_evsys.o
 .debug_info    0x00000000000008cb      0xa4f build/default/debug/peripheral/nvic/plib_nvic.o
 .debug_info    0x000000000000131a      0x7b0 build/default/debug/peripheral/nvmctrl/plib_nvmctrl.o
 .debug_info    0x0000000000001aca      0x7eb build/default/debug/peripheral/port/plib_port.o
 .debug_info    0x00000000000022b5       0xaa build/default/debug/initialization.o
 .debug_info    0x000000000000235f      0x24e build/default/debug/main.o
 .debug_info    0x00000000000025ad      0xeda /var/folders/l7/ynd7dytx1mx_39scszr6b7qm0000gn/T//ccgVBcAW.o
 .debug_info    0x0000000000003487       0x54 /Applications/microchip/xc32/v4.45/bin/bin/../../lib/gcc/pic32c/8.3.1/../../../../pic32c/lib/thumb/v7e-m+fp/hard/libpic32c.a(data_init.o)
 .debug_info    0x00000000000034db       0xf3 /Applications/microchip/xc32/v4.45/bin/bin/../../lib/gcc/pic32c/8.3.1/../../../../pic32c/lib/thumb/v7e-m+fp/hard/libc-size-musl.a(memcpy.o)
 .debug_info    0x00000000000035ce      0x2fb /Applications/microchip/xc32/v4.45/bin/bin/../../lib/gcc/pic32c/8.3.1/../../../../pic32c/lib/thumb/v7e-m+fp/hard/libg-musl.a(__libc_start_main.o)
 .debug_info    0x00000000000038c9      0x276 /Applications/microchip/xc32/v4.45/bin/bin/../../lib/gcc/pic32c/8.3.1/../../../../pic32c/lib/thumb/v7e-m+fp/hard/libg-musl.a(libc.o)
 .debug_info    0x0000000000003b3f       0x97 /Applications/microchip/xc32/v4.45/bin/bin/../../lib/gcc/pic32c/8.3.1/../../../../pic32c/lib/thumb/v7e-m+fp/hard/libg-musl.a(__environ.o)
 .debug_info    0x0000000000003bd6       0x3f /Applications/microchip/xc32/v4.45/bin/bin/../../lib/gcc/pic32c/8.3.1/../../../../pic32c/lib/thumb/v7e-m+fp/hard/libpic32c.a(pic32_data_init_clear.o)
 .debug_info    0x0000000000003c15       0x40 /Applications/microchip/xc32/v4.45/bin/bin/../../lib/gcc/pic32c/8.3.1/../../../../pic32c/lib/thumb/v7e-m+fp/hard/libpic32c.a(pic32_data_init_copy.o)

.debug_abbrev   0x0000000000000000      0xe3e
 .debug_abbrev  0x0000000000000000       0xe9 build/default/debug/peripheral/clock/plib_clock.o
 .debug_abbrev  0x00000000000000e9       0xa2 build/default/debug/peripheral/cmcc/plib_cmcc.o
 .debug_abbrev  0x000000000000018b       0x44 build/default/debug/peripheral/evsys/plib_evsys.o
 .debug_abbrev  0x00000000000001cf      0x253 build/default/debug/peripheral/nvic/plib_nvic.o
 .debug_abbrev  0x0000000000000422      0x1c8 build/default/debug/peripheral/nvmctrl/plib_nvmctrl.o
 .debug_abbrev  0x00000000000005ea      0x18a build/default/debug/peripheral/port/plib_port.o
 .debug_abbrev  0x0000000000000774       0x5c build/default/debug/initialization.o
 .debug_abbrev  0x00000000000007d0       0xb3 build/default/debug/main.o
 .debug_abbrev  0x0000000000000883      0x1f7 /var/folders/l7/ynd7dytx1mx_39scszr6b7qm0000gn/T//ccgVBcAW.o
 .debug_abbrev  0x0000000000000a7a       0x44 /Applications/microchip/xc32/v4.45/bin/bin/../../lib/gcc/pic32c/8.3.1/../../../../pic32c/lib/thumb/v7e-m+fp/hard/libpic32c.a(data_init.o)
 .debug_abbrev  0x0000000000000abe       0xbb /Applications/microchip/xc32/v4.45/bin/bin/../../lib/gcc/pic32c/8.3.1/../../../../pic32c/lib/thumb/v7e-m+fp/hard/libc-size-musl.a(memcpy.o)
 .debug_abbrev  0x0000000000000b79      0x133 /Applications/microchip/xc32/v4.45/bin/bin/../../lib/gcc/pic32c/8.3.1/../../../../pic32c/lib/thumb/v7e-m+fp/hard/libg-musl.a(__libc_start_main.o)
 .debug_abbrev  0x0000000000000cac       0xd4 /Applications/microchip/xc32/v4.45/bin/bin/../../lib/gcc/pic32c/8.3.1/../../../../pic32c/lib/thumb/v7e-m+fp/hard/libg-musl.a(libc.o)
 .debug_abbrev  0x0000000000000d80       0x62 /Applications/microchip/xc32/v4.45/bin/bin/../../lib/gcc/pic32c/8.3.1/../../../../pic32c/lib/thumb/v7e-m+fp/hard/libg-musl.a(__environ.o)
 .debug_abbrev  0x0000000000000de2       0x2e /Applications/microchip/xc32/v4.45/bin/bin/../../lib/gcc/pic32c/8.3.1/../../../../pic32c/lib/thumb/v7e-m+fp/hard/libpic32c.a(pic32_data_init_clear.o)
 .debug_abbrev  0x0000000000000e10       0x2e /Applications/microchip/xc32/v4.45/bin/bin/../../lib/gcc/pic32c/8.3.1/../../../../pic32c/lib/thumb/v7e-m+fp/hard/libpic32c.a(pic32_data_init_copy.o)

.debug_loc      0x0000000000000000     0x1490
 .debug_loc     0x0000000000000000      0x208 build/default/debug/peripheral/clock/plib_clock.o
 .debug_loc     0x0000000000000208      0x198 build/default/debug/peripheral/cmcc/plib_cmcc.o
 .debug_loc     0x00000000000003a0       0x44 build/default/debug/peripheral/evsys/plib_evsys.o
 .debug_loc     0x00000000000003e4      0x338 build/default/debug/peripheral/nvic/plib_nvic.o
 .debug_loc     0x000000000000071c      0x798 build/default/debug/peripheral/nvmctrl/plib_nvmctrl.o
 .debug_loc     0x0000000000000eb4      0x3dc build/default/debug/peripheral/port/plib_port.o
 .debug_loc     0x0000000000001290       0x50 build/default/debug/initialization.o
 .debug_loc     0x00000000000012e0       0x2c build/default/debug/main.o
 .debug_loc     0x000000000000130c       0x14 /Applications/microchip/xc32/v4.45/bin/bin/../../lib/gcc/pic32c/8.3.1/../../../../pic32c/lib/thumb/v7e-m+fp/hard/libpic32c.a(data_init.o)
 .debug_loc     0x0000000000001320      0x10b /Applications/microchip/xc32/v4.45/bin/bin/../../lib/gcc/pic32c/8.3.1/../../../../pic32c/lib/thumb/v7e-m+fp/hard/libc-size-musl.a(memcpy.o)
 .debug_loc     0x000000000000142b       0x51 /Applications/microchip/xc32/v4.45/bin/bin/../../lib/gcc/pic32c/8.3.1/../../../../pic32c/lib/thumb/v7e-m+fp/hard/libg-musl.a(__libc_start_main.o)
 .debug_loc     0x000000000000147c       0x14 /Applications/microchip/xc32/v4.45/bin/bin/../../lib/gcc/pic32c/8.3.1/../../../../pic32c/lib/thumb/v7e-m+fp/hard/libpic32c.a(pic32_data_init_copy.o)

.debug_aranges  0x0000000000000000      0x208
 .debug_aranges
                0x0000000000000000       0x20 build/default/debug/peripheral/clock/plib_clock.o
 .debug_aranges
                0x0000000000000020       0x20 build/default/debug/peripheral/cmcc/plib_cmcc.o
 .debug_aranges
                0x0000000000000040       0x20 build/default/debug/peripheral/evsys/plib_evsys.o
 .debug_aranges
                0x0000000000000060       0x20 build/default/debug/peripheral/nvic/plib_nvic.o
 .debug_aranges
                0x0000000000000080       0x20 build/default/debug/peripheral/nvmctrl/plib_nvmctrl.o
 .debug_aranges
                0x00000000000000a0       0x20 build/default/debug/peripheral/port/plib_port.o
 .debug_aranges
                0x00000000000000c0       0x20 build/default/debug/initialization.o
 .debug_aranges
                0x00000000000000e0       0x20 build/default/debug/main.o
 .debug_aranges
                0x0000000000000100       0x28 /var/folders/l7/ynd7dytx1mx_39scszr6b7qm0000gn/T//ccgVBcAW.o
 .debug_aranges
                0x0000000000000128       0x28 /Applications/microchip/xc32/v4.45/bin/bin/../../lib/gcc/pic32c/8.3.1/../../../../pic32c/lib/thumb/v7e-m+fp/hard/libpic32c.a(data_init.o)
 .debug_aranges
                0x0000000000000150       0x20 /Applications/microchip/xc32/v4.45/bin/bin/../../lib/gcc/pic32c/8.3.1/../../../../pic32c/lib/thumb/v7e-m+fp/hard/libc-size-musl.a(memcpy.o)
 .debug_aranges
                0x0000000000000170       0x28 /Applications/microchip/xc32/v4.45/bin/bin/../../lib/gcc/pic32c/8.3.1/../../../../pic32c/lib/thumb/v7e-m+fp/hard/libg-musl.a(__libc_start_main.o)
 .debug_aranges
                0x0000000000000198       0x18 /Applications/microchip/xc32/v4.45/bin/bin/../../lib/gcc/pic32c/8.3.1/../../../../pic32c/lib/thumb/v7e-m+fp/hard/libg-musl.a(libc.o)
 .debug_aranges
                0x00000000000001b0       0x18 /Applications/microchip/xc32/v4.45/bin/bin/../../lib/gcc/pic32c/8.3.1/../../../../pic32c/lib/thumb/v7e-m+fp/hard/libg-musl.a(__environ.o)
 .debug_aranges
                0x00000000000001c8       0x20 /Applications/microchip/xc32/v4.45/bin/bin/../../lib/gcc/pic32c/8.3.1/../../../../pic32c/lib/thumb/v7e-m+fp/hard/libpic32c.a(pic32_data_init_clear.o)
 .debug_aranges
                0x00000000000001e8       0x20 /Applications/microchip/xc32/v4.45/bin/bin/../../lib/gcc/pic32c/8.3.1/../../../../pic32c/lib/thumb/v7e-m+fp/hard/libpic32c.a(pic32_data_init_copy.o)

.debug_line     0x0000000000000000     0x1526
 .debug_line    0x0000000000000000      0x1f4 build/default/debug/peripheral/clock/plib_clock.o
 .debug_line    0x00000000000001f4      0x196 build/default/debug/peripheral/cmcc/plib_cmcc.o
 .debug_line    0x000000000000038a       0x50 build/default/debug/peripheral/evsys/plib_evsys.o
 .debug_line    0x00000000000003da      0x25a build/default/debug/peripheral/nvic/plib_nvic.o
 .debug_line    0x0000000000000634      0x369 build/default/debug/peripheral/nvmctrl/plib_nvmctrl.o
 .debug_line    0x000000000000099d      0x219 build/default/debug/peripheral/port/plib_port.o
 .debug_line    0x0000000000000bb6       0x4d build/default/debug/initialization.o
 .debug_line    0x0000000000000c03       0xf8 build/default/debug/main.o
 .debug_line    0x0000000000000cfb      0x23d /var/folders/l7/ynd7dytx1mx_39scszr6b7qm0000gn/T//ccgVBcAW.o
 .debug_line    0x0000000000000f38       0x92 /Applications/microchip/xc32/v4.45/bin/bin/../../lib/gcc/pic32c/8.3.1/../../../../pic32c/lib/thumb/v7e-m+fp/hard/libpic32c.a(data_init.o)
 .debug_line    0x0000000000000fca       0xf9 /Applications/microchip/xc32/v4.45/bin/bin/../../lib/gcc/pic32c/8.3.1/../../../../pic32c/lib/thumb/v7e-m+fp/hard/libc-size-musl.a(memcpy.o)
 .debug_line    0x00000000000010c3      0x1c7 /Applications/microchip/xc32/v4.45/bin/bin/../../lib/gcc/pic32c/8.3.1/../../../../pic32c/lib/thumb/v7e-m+fp/hard/libg-musl.a(__libc_start_main.o)
 .debug_line    0x000000000000128a       0xb5 /Applications/microchip/xc32/v4.45/bin/bin/../../lib/gcc/pic32c/8.3.1/../../../../pic32c/lib/thumb/v7e-m+fp/hard/libg-musl.a(libc.o)
 .debug_line    0x000000000000133f       0xfb /Applications/microchip/xc32/v4.45/bin/bin/../../lib/gcc/pic32c/8.3.1/../../../../pic32c/lib/thumb/v7e-m+fp/hard/libg-musl.a(__environ.o)
 .debug_line    0x000000000000143a       0x72 /Applications/microchip/xc32/v4.45/bin/bin/../../lib/gcc/pic32c/8.3.1/../../../../pic32c/lib/thumb/v7e-m+fp/hard/libpic32c.a(pic32_data_init_clear.o)
 .debug_line    0x00000000000014ac       0x7a /Applications/microchip/xc32/v4.45/bin/bin/../../lib/gcc/pic32c/8.3.1/../../../../pic32c/lib/thumb/v7e-m+fp/hard/libpic32c.a(pic32_data_init_copy.o)

.debug_str      0x0000000000000000     0x51ad
 .debug_str     0x0000000000000000      0x63f build/default/debug/peripheral/clock/plib_clock.o
 .debug_str     0x000000000000063f      0x382 build/default/debug/peripheral/cmcc/plib_cmcc.o
 .debug_str     0x00000000000009c1      0x29b build/default/debug/peripheral/evsys/plib_evsys.o
 .debug_str     0x0000000000000c5c      0xc72 build/default/debug/peripheral/nvic/plib_nvic.o
 .debug_str     0x00000000000018ce      0x684 build/default/debug/peripheral/nvmctrl/plib_nvmctrl.o
 .debug_str     0x0000000000001f52      0xb4d build/default/debug/peripheral/port/plib_port.o
 .debug_str     0x0000000000002a9f      0x291 build/default/debug/initialization.o
 .debug_str     0x0000000000002d30      0x35d build/default/debug/main.o
 .debug_str     0x000000000000308d      0xfee /var/folders/l7/ynd7dytx1mx_39scszr6b7qm0000gn/T//ccgVBcAW.o
 .debug_str     0x000000000000407b      0x1f5 /Applications/microchip/xc32/v4.45/bin/bin/../../lib/gcc/pic32c/8.3.1/../../../../pic32c/lib/thumb/v7e-m+fp/hard/libpic32c.a(data_init.o)
 .debug_str     0x0000000000004270      0x22f /Applications/microchip/xc32/v4.45/bin/bin/../../lib/gcc/pic32c/8.3.1/../../../../pic32c/lib/thumb/v7e-m+fp/hard/libc-size-musl.a(memcpy.o)
 .debug_str     0x000000000000449f      0x3d4 /Applications/microchip/xc32/v4.45/bin/bin/../../lib/gcc/pic32c/8.3.1/../../../../pic32c/lib/thumb/v7e-m+fp/hard/libg-musl.a(__libc_start_main.o)
 .debug_str     0x0000000000004873      0x33f /Applications/microchip/xc32/v4.45/bin/bin/../../lib/gcc/pic32c/8.3.1/../../../../pic32c/lib/thumb/v7e-m+fp/hard/libg-musl.a(libc.o)
 .debug_str     0x0000000000004bb2      0x23f /Applications/microchip/xc32/v4.45/bin/bin/../../lib/gcc/pic32c/8.3.1/../../../../pic32c/lib/thumb/v7e-m+fp/hard/libg-musl.a(__environ.o)
 .debug_str     0x0000000000004df1      0x1df /Applications/microchip/xc32/v4.45/bin/bin/../../lib/gcc/pic32c/8.3.1/../../../../pic32c/lib/thumb/v7e-m+fp/hard/libpic32c.a(pic32_data_init_clear.o)
 .debug_str     0x0000000000004fd0      0x1dd /Applications/microchip/xc32/v4.45/bin/bin/../../lib/gcc/pic32c/8.3.1/../../../../pic32c/lib/thumb/v7e-m+fp/hard/libpic32c.a(pic32_data_init_copy.o)

.debug_frame    0x0000000000000000      0xa44
 .debug_frame   0x0000000000000000      0x10c build/default/debug/peripheral/clock/plib_clock.o
 .debug_frame   0x000000000000010c       0xd0 build/default/debug/peripheral/cmcc/plib_cmcc.o
 .debug_frame   0x00000000000001dc       0x30 build/default/debug/peripheral/evsys/plib_evsys.o
 .debug_frame   0x000000000000020c      0x184 build/default/debug/peripheral/nvic/plib_nvic.o
 .debug_frame   0x0000000000000390      0x378 build/default/debug/peripheral/nvmctrl/plib_nvmctrl.o
 .debug_frame   0x0000000000000708      0x1c0 build/default/debug/peripheral/port/plib_port.o
 .debug_frame   0x00000000000008c8       0x34 build/default/debug/initialization.o
 .debug_frame   0x00000000000008fc       0x2c build/default/debug/main.o
 .debug_frame   0x0000000000000928       0x30 /var/folders/l7/ynd7dytx1mx_39scszr6b7qm0000gn/T//ccgVBcAW.o
 .debug_frame   0x0000000000000958       0x3c /Applications/microchip/xc32/v4.45/bin/bin/../../lib/gcc/pic32c/8.3.1/../../../../pic32c/lib/thumb/v7e-m+fp/hard/libpic32c.a(data_init.o)
 .debug_frame   0x0000000000000994       0x2c /Applications/microchip/xc32/v4.45/bin/bin/../../lib/gcc/pic32c/8.3.1/../../../../pic32c/lib/thumb/v7e-m+fp/hard/libc-size-musl.a(memcpy.o)
 .debug_frame   0x00000000000009c0       0x3c /Applications/microchip/xc32/v4.45/bin/bin/../../lib/gcc/pic32c/8.3.1/../../../../pic32c/lib/thumb/v7e-m+fp/hard/libg-musl.a(__libc_start_main.o)
 .debug_frame   0x00000000000009fc       0x20 /Applications/microchip/xc32/v4.45/bin/bin/../../lib/gcc/pic32c/8.3.1/../../../../pic32c/lib/thumb/v7e-m+fp/hard/libpic32c.a(pic32_data_init_clear.o)
 .debug_frame   0x0000000000000a1c       0x28 /Applications/microchip/xc32/v4.45/bin/bin/../../lib/gcc/pic32c/8.3.1/../../../../pic32c/lib/thumb/v7e-m+fp/hard/libpic32c.a(pic32_data_init_copy.o)

.debug_ranges   0x0000000000000000       0xa0
 .debug_ranges  0x0000000000000000       0x18 /var/folders/l7/ynd7dytx1mx_39scszr6b7qm0000gn/T//ccgVBcAW.o
 .debug_ranges  0x0000000000000018       0x18 /Applications/microchip/xc32/v4.45/bin/bin/../../lib/gcc/pic32c/8.3.1/../../../../pic32c/lib/thumb/v7e-m+fp/hard/libpic32c.a(data_init.o)
 .debug_ranges  0x0000000000000030       0x10 /Applications/microchip/xc32/v4.45/bin/bin/../../lib/gcc/pic32c/8.3.1/../../../../pic32c/lib/thumb/v7e-m+fp/hard/libc-size-musl.a(memcpy.o)
 .debug_ranges  0x0000000000000040       0x40 /Applications/microchip/xc32/v4.45/bin/bin/../../lib/gcc/pic32c/8.3.1/../../../../pic32c/lib/thumb/v7e-m+fp/hard/libg-musl.a(__libc_start_main.o)
 .debug_ranges  0x0000000000000080       0x10 /Applications/microchip/xc32/v4.45/bin/bin/../../lib/gcc/pic32c/8.3.1/../../../../pic32c/lib/thumb/v7e-m+fp/hard/libpic32c.a(pic32_data_init_clear.o)
 .debug_ranges  0x0000000000000090       0x10 /Applications/microchip/xc32/v4.45/bin/bin/../../lib/gcc/pic32c/8.3.1/../../../../pic32c/lib/thumb/v7e-m+fp/hard/libpic32c.a(pic32_data_init_copy.o)

.note.GNU-stack
                0x0000000000000000        0x0
 .note.GNU-stack
                0x0000000000000000        0x0 /Applications/microchip/xc32/v4.45/bin/bin/../../lib/gcc/pic32c/8.3.1/../../../../pic32c/lib/thumb/v7e-m+fp/hard/libc-size-musl.a(memcpy.o)
 .note.GNU-stack
                0x0000000000000000        0x0 /Applications/microchip/xc32/v4.45/bin/bin/../../lib/gcc/pic32c/8.3.1/../../../../pic32c/lib/thumb/v7e-m+fp/hard/libg-musl.a(__libc_start_main.o)
 .note.GNU-stack
                0x0000000000000000        0x0 /Applications/microchip/xc32/v4.45/bin/bin/../../lib/gcc/pic32c/8.3.1/../../../../pic32c/lib/thumb/v7e-m+fp/hard/libg-musl.a(libc.o)
 .note.GNU-stack
                0x0000000000000000        0x0 /Applications/microchip/xc32/v4.45/bin/bin/../../lib/gcc/pic32c/8.3.1/../../../../pic32c/lib/thumb/v7e-m+fp/hard/libg-musl.a(__environ.o)

.stack          0x00000000200000b0      0x100
 .stack         0x00000000200000b0      0x100 stack

.bss%1          0x0000000020000000       0x50
 .bss           0x0000000020000000       0x50 /Applications/microchip/xc32/v4.45/bin/bin/../../lib/gcc/pic32c/8.3.1/../../../../pic32c/lib/thumb/v7e-m+fp/hard/libg-musl.a(libc.o)
                0x0000000020000000                program_invocation_name
                0x0000000020000000                __progname_full
                0x0000000020000004                __progname
                0x0000000020000004                program_invocation_short_name
                0x0000000020000008                __sysinfo
                0x000000002000000c                __hwcap
                0x0000000020000010                __libc

.bss%2          0x0000000020000050       0x1c
 .bss           0x0000000020000050       0x1c /Applications/microchip/xc32/v4.45/bin/bin/../../lib/gcc/pic32c/8.3.1/thumb/v7e-m+fp/hard/crtbegin.o

.bss%3          0x000000002000006c        0x4
 .bss           0x000000002000006c        0x4 /Applications/microchip/xc32/v4.45/bin/bin/../../lib/gcc/pic32c/8.3.1/../../../../pic32c/lib/thumb/v7e-m+fp/hard/libpic32c.a(data_init.o)

.bss%4          0x0000000020000070        0x4
 .bss           0x0000000020000070        0x4 /Applications/microchip/xc32/v4.45/bin/bin/../../lib/gcc/pic32c/8.3.1/../../../../pic32c/lib/thumb/v7e-m+fp/hard/libg-musl.a(__environ.o)
                0x0000000020000070                _environ
                0x0000000020000070                __environ
                0x0000000020000070                environ
                0x0000000020000070                ___environ

.bss%5          0x0000000020000074        0x2
 .bss           0x0000000020000074        0x2 build/default/debug/peripheral/nvmctrl/plib_nvmctrl.o

.bss%6          0x0000000020000076        0x1
 .bss           0x0000000020000076        0x1 /var/folders/l7/ynd7dytx1mx_39scszr6b7qm0000gn/T//ccgVBcAW.o

.bss%z1         0x0000000000000000        0x0
 .bss           0x0000000000000000        0x0 /Applications/microchip/xc32/v4.45/bin/bin/../../lib/gcc/pic32c/8.3.1/../../../../pic32c/lib/thumb/v7e-m+fp/hard/libpic32c.a(pic32_data_init_copy.o)

.bss%z2         0x0000000000000000        0x0
 .bss           0x0000000000000000        0x0 /Applications/microchip/xc32/v4.45/bin/bin/../../lib/gcc/pic32c/8.3.1/../../../../pic32c/lib/thumb/v7e-m+fp/hard/libpic32c.a(pic32_data_init_clear.o)

.bss%z3         0x0000000000000000        0x0
 .bss           0x0000000000000000        0x0 /Applications/microchip/xc32/v4.45/bin/bin/../../lib/gcc/pic32c/8.3.1/thumb/v7e-m+fp/hard/crtn.o

.bss%z4         0x0000000000000000        0x0
 .bss           0x0000000000000000        0x0 /Applications/microchip/xc32/v4.45/bin/bin/../../lib/gcc/pic32c/8.3.1/thumb/v7e-m+fp/hard/crtend.o

.bss%z5         0x0000000000000000        0x0
 .bss           0x0000000000000000        0x0 /Applications/microchip/xc32/v4.45/bin/bin/../../lib/gcc/pic32c/8.3.1/../../../../pic32c/lib/thumb/v7e-m+fp/hard/libg-musl.a(__libc_start_main.o)

.bss%z6         0x0000000000000000        0x0
 .bss           0x0000000000000000        0x0 /Applications/microchip/xc32/v4.45/bin/bin/../../lib/gcc/pic32c/8.3.1/../../../../pic32c/lib/thumb/v7e-m+fp/hard/libc-size-musl.a(memcpy.o)

.bss%z7         0x0000000000000000        0x0
 .bss           0x0000000000000000        0x0 build/default/debug/main.o

.bss%z8         0x0000000000000000        0x0
 .bss           0x0000000000000000        0x0 build/default/debug/initialization.o

.bss%z9         0x0000000000000000        0x0
 .bss           0x0000000000000000        0x0 build/default/debug/peripheral/port/plib_port.o

.bss%z10        0x0000000000000000        0x0
 .bss           0x0000000000000000        0x0 build/default/debug/peripheral/nvic/plib_nvic.o

.bss%z11        0x0000000000000000        0x0
 .bss           0x0000000000000000        0x0 build/default/debug/peripheral/evsys/plib_evsys.o

.bss%z12        0x0000000000000000        0x0
 .bss           0x0000000000000000        0x0 build/default/debug/peripheral/cmcc/plib_cmcc.o

.bss%z13        0x0000000000000000        0x0
 .bss           0x0000000000000000        0x0 build/default/debug/peripheral/clock/plib_clock.o

.bss%z14        0x0000000000000000        0x0
 .bss           0x0000000000000000        0x0 /Applications/microchip/xc32/v4.45/bin/bin/../../lib/gcc/pic32c/8.3.1/thumb/v7e-m+fp/hard/crti.o

.data%7         0x0000000020000078        0x4
 .data          0x0000000020000078        0x4 /Applications/microchip/xc32/v4.45/bin/bin/../../lib/gcc/pic32c/8.3.1/thumb/v7e-m+fp/hard/crtbegin.o
                0x0000000020000078                __dso_handle

.eh_frame%8     0x000000002000007c        0x4
 .eh_frame      0x000000002000007c        0x4 /Applications/microchip/xc32/v4.45/bin/bin/../../lib/gcc/pic32c/8.3.1/thumb/v7e-m+fp/hard/crtend.o

.data%z15       0x0000000000000000        0x0
 .data          0x0000000000000000        0x0 /Applications/microchip/xc32/v4.45/bin/bin/../../lib/gcc/pic32c/8.3.1/../../../../pic32c/lib/thumb/v7e-m+fp/hard/libpic32c.a(pic32_data_init_copy.o)

.data%z16       0x0000000000000000        0x0
 .data          0x0000000000000000        0x0 /Applications/microchip/xc32/v4.45/bin/bin/../../lib/gcc/pic32c/8.3.1/../../../../pic32c/lib/thumb/v7e-m+fp/hard/libpic32c.a(pic32_data_init_clear.o)

.data%z17       0x0000000000000000        0x0
 .data          0x0000000000000000        0x0 /Applications/microchip/xc32/v4.45/bin/bin/../../lib/gcc/pic32c/8.3.1/thumb/v7e-m+fp/hard/crtn.o

.data%z18       0x0000000000000000        0x0
 .data          0x0000000000000000        0x0 /Applications/microchip/xc32/v4.45/bin/bin/../../lib/gcc/pic32c/8.3.1/thumb/v7e-m+fp/hard/crtend.o

.data%z19       0x0000000000000000        0x0
 .data          0x0000000000000000        0x0 /Applications/microchip/xc32/v4.45/bin/bin/../../lib/gcc/pic32c/8.3.1/../../../../pic32c/lib/thumb/v7e-m+fp/hard/libg-musl.a(__environ.o)

.data%z20       0x0000000000000000        0x0
 .data          0x0000000000000000        0x0 /Applications/microchip/xc32/v4.45/bin/bin/../../lib/gcc/pic32c/8.3.1/../../../../pic32c/lib/thumb/v7e-m+fp/hard/libg-musl.a(libc.o)

.data%z21       0x0000000000000000        0x0
 .data          0x0000000000000000        0x0 /Applications/microchip/xc32/v4.45/bin/bin/../../lib/gcc/pic32c/8.3.1/../../../../pic32c/lib/thumb/v7e-m+fp/hard/libg-musl.a(__libc_start_main.o)

.data%z22       0x0000000000000000        0x0
 .data          0x0000000000000000        0x0 /Applications/microchip/xc32/v4.45/bin/bin/../../lib/gcc/pic32c/8.3.1/../../../../pic32c/lib/thumb/v7e-m+fp/hard/libc-size-musl.a(memcpy.o)

.data%z23       0x0000000000000000        0x0
 .data          0x0000000000000000        0x0 /Applications/microchip/xc32/v4.45/bin/bin/../../lib/gcc/pic32c/8.3.1/../../../../pic32c/lib/thumb/v7e-m+fp/hard/libpic32c.a(data_init.o)

.data%z24       0x0000000000000000        0x0
 .data          0x0000000000000000        0x0 /var/folders/l7/ynd7dytx1mx_39scszr6b7qm0000gn/T//ccgVBcAW.o

.data%z25       0x0000000000000000        0x0
 .data          0x0000000000000000        0x0 build/default/debug/main.o

.data%z26       0x0000000000000000        0x0
 .data          0x0000000000000000        0x0 build/default/debug/initialization.o

.data%z27       0x0000000000000000        0x0
 .data          0x0000000000000000        0x0 build/default/debug/peripheral/port/plib_port.o

.data%z28       0x0000000000000000        0x0
 .data          0x0000000000000000        0x0 build/default/debug/peripheral/nvmctrl/plib_nvmctrl.o

.data%z29       0x0000000000000000        0x0
 .data          0x0000000000000000        0x0 build/default/debug/peripheral/nvic/plib_nvic.o

.data%z30       0x0000000000000000        0x0
 .data          0x0000000000000000        0x0 build/default/debug/peripheral/evsys/plib_evsys.o

.data%z31       0x0000000000000000        0x0
 .data          0x0000000000000000        0x0 build/default/debug/peripheral/cmcc/plib_cmcc.o

.data%z32       0x0000000000000000        0x0
 .data          0x0000000000000000        0x0 build/default/debug/peripheral/clock/plib_clock.o

.eh_frame%z33   0x0000000000000000        0x0
 .eh_frame      0x0000000000000000        0x0 /Applications/microchip/xc32/v4.45/bin/bin/../../lib/gcc/pic32c/8.3.1/thumb/v7e-m+fp/hard/crtbegin.o

.data%z34       0x0000000000000000        0x0
 .data          0x0000000000000000        0x0 /Applications/microchip/xc32/v4.45/bin/bin/../../lib/gcc/pic32c/8.3.1/thumb/v7e-m+fp/hard/crti.o

.text%9         0x0000000000000280      0x56c
 .text          0x0000000000000280      0x56c build/default/debug/peripheral/nvmctrl/plib_nvmctrl.o
                0x0000000000000280                NVMCTRL_Initialize
                0x000000000000029c                NVMCTRL_Read
                0x00000000000002c0                NVMCTRL_SetWriteMode
                0x00000000000002f8                NVMCTRL_QuadWordWrite
                0x0000000000000378                NVMCTRL_DoubleWordWrite
                0x00000000000003f8                NVMCTRL_PageBufferWrite
                0x0000000000000444                NVMCTRL_PageBufferCommit
                0x0000000000000484                NVMCTRL_PageWrite
                0x00000000000004ec                NVMCTRL_BlockErase
                0x0000000000000520                NVMCTRL_USER_ROW_PageWrite
                0x00000000000005c4                NVMCTRL_USER_ROW_RowErase
                0x0000000000000618                NVMCTRL_ErrorGet
                0x0000000000000658                NVMCTRL_StatusGet
                0x0000000000000678                NVMCTRL_IsBusy
                0x00000000000006a0                NVMCTRL_RegionLock
                0x00000000000006c8                NVMCTRL_RegionUnlock
                0x00000000000006f0                NVMCTRL_RegionLockStatusGet
                0x0000000000000708                NVMCTRL_SecurityBitSet
                0x0000000000000724                NVMCTRL_SmartEEPROM_IsBusy
                0x0000000000000748                NVMCTRL_SmartEEPROMStatusGet
                0x0000000000000768                NVMCTRL_SmartEEPROM_IsActiveSectorFull
                0x0000000000000790                NVMCTRL_BankSwap
                0x00000000000007ac                NVMCTRL_SmartEEPROMSectorReallocate
                0x00000000000007c8                NVMCTRL_SmartEEPROMFlushPageBuffer

.text%10        0x00000000000007ec      0x26c
 .text          0x00000000000007ec      0x26c build/default/debug/peripheral/port/plib_port.o
                0x00000000000007ec                PORT_Initialize
                0x000000000000083c                PORT_GroupRead
                0x0000000000000854                PORT_GroupWrite
                0x0000000000000884                PORT_GroupLatchRead
                0x000000000000089c                PORT_GroupSet
                0x00000000000008b8                PORT_GroupClear
                0x00000000000008d4                PORT_GroupToggle
                0x00000000000008f0                PORT_GroupInputEnable
                0x000000000000094c                PORT_GroupOutputEnable
                0x0000000000000968                PORT_PinPeripheralFunctionConfig
                0x0000000000000a08                PORT_PinGPIOConfig

.text%11        0x0000000000000a58      0x228
 .text          0x0000000000000a58      0x228 build/default/debug/peripheral/nvic/plib_nvic.o
                0x0000000000000b60                NVIC_Initialize
                0x0000000000000ba8                NVIC_INT_Enable
                0x0000000000000bbc                NVIC_INT_Disable
                0x0000000000000be8                NVIC_INT_Restore
                0x0000000000000c12                NVIC_INT_SourceDisable
                0x0000000000000c56                NVIC_INT_SourceRestore

.text%12        0x0000000000000c80      0x178
 .text          0x0000000000000c80      0x178 build/default/debug/peripheral/clock/plib_clock.o
                0x0000000000000dc0                CLOCK_Initialize

.text%13        0x0000000000000df8      0x160
 .text          0x0000000000000df8      0x160 build/default/debug/peripheral/cmcc/plib_cmcc.o
                0x0000000000000df8                CMCC_Disable
                0x0000000000000e24                CMCC_EnableICache
                0x0000000000000e64                CMCC_DisableICache
                0x0000000000000ea4                CMCC_EnableDCache
                0x0000000000000ee4                CMCC_DisableDCache
                0x0000000000000f24                CMCC_InvalidateAll

.text.Reset_Handler%14
                0x0000000000000f58       0x90
 .text.Reset_Handler
                0x0000000000000f58       0x90 /var/folders/l7/ynd7dytx1mx_39scszr6b7qm0000gn/T//ccgVBcAW.o
                0x0000000000000f58                Reset_Handler

.dinit%15       0x0000000000000fe8       0x70
 .dinit         0x0000000000000fe8       0x70 data_init

.text.__libc_start_init%16
                0x0000000000001058       0x5c
 .text.__libc_start_init
                0x0000000000001058       0x5c /Applications/microchip/xc32/v4.45/bin/bin/../../lib/gcc/pic32c/8.3.1/../../../../pic32c/lib/thumb/v7e-m+fp/hard/libg-musl.a(__libc_start_main.o)
                0x0000000000001058                __libc_init_array

.text%17        0x00000000000010b4       0x40
 .text          0x00000000000010b4       0x40 /Applications/microchip/xc32/v4.45/bin/bin/../../lib/gcc/pic32c/8.3.1/thumb/v7e-m+fp/hard/crtbegin.o

.text.__pic32c_data_initialization%18
                0x00000000000010f4       0x34
 .text.__pic32c_data_initialization
                0x00000000000010f4       0x34 /Applications/microchip/xc32/v4.45/bin/bin/../../lib/gcc/pic32c/8.3.1/../../../../pic32c/lib/thumb/v7e-m+fp/hard/libpic32c.a(data_init.o)
                0x00000000000010f4                __pic32c_data_initialization

.text%19        0x0000000000001128       0x30
 .text          0x0000000000001128       0x30 build/default/debug/main.o
                0x0000000000001128                main

.text%20        0x0000000000001158       0x24
 .text          0x0000000000001158       0x24 build/default/debug/initialization.o
                0x0000000000001158                SYS_Initialize

.text.__dinit_copy%21
                0x000000000000117c       0x1e
 .text.__dinit_copy
                0x000000000000117c       0x1e /Applications/microchip/xc32/v4.45/bin/bin/../../lib/gcc/pic32c/8.3.1/../../../../pic32c/lib/thumb/v7e-m+fp/hard/libpic32c.a(pic32_data_init_copy.o)
                0x000000000000117c                __dinit_copy
                0x000000000000117c                __dinit_copy_needed

.text.memcpy%22
                0x000000000000119c       0x1c
 .text.memcpy   0x000000000000119c       0x1c /Applications/microchip/xc32/v4.45/bin/bin/../../lib/gcc/pic32c/8.3.1/../../../../pic32c/lib/thumb/v7e-m+fp/hard/libc-size-musl.a(memcpy.o)
                0x000000000000119c                memcpy

.rodata%23      0x00000000000011b8       0x14
 .rodata        0x00000000000011b8       0x14 /Applications/microchip/xc32/v4.45/bin/bin/../../lib/gcc/pic32c/8.3.1/../../../../pic32c/lib/thumb/v7e-m+fp/hard/libpic32c.a(data_init.o)

.text.__dinit_clear%24
                0x00000000000011cc       0x12
 .text.__dinit_clear
                0x00000000000011cc       0x12 /Applications/microchip/xc32/v4.45/bin/bin/../../lib/gcc/pic32c/8.3.1/../../../../pic32c/lib/thumb/v7e-m+fp/hard/libpic32c.a(pic32_data_init_clear.o)
                0x00000000000011cc                __dinit_clear_needed
                0x00000000000011cc                __dinit_clear

.text%25        0x00000000000011de        0xe
 .text          0x00000000000011de        0xe build/default/debug/peripheral/evsys/plib_evsys.o
                0x00000000000011de                EVSYS_Initialize

.text.__dummy_decompress%26
                0x00000000000011ec        0x4
 .text.__dummy_decompress
                0x00000000000011ec        0x4 /Applications/microchip/xc32/v4.45/bin/bin/../../lib/gcc/pic32c/8.3.1/../../../../pic32c/lib/thumb/v7e-m+fp/hard/libpic32c.a(data_init.o)
                0x00000000000011ec                __dinit_copy_emb
                0x00000000000011ec                __dinit_decompress
                0x00000000000011ec                __dinit_copy_val_data

.text.Dummy_Handler%27
                0x000000000000119a        0x2
 .text.Dummy_Handler
                0x000000000000119a        0x2 /var/folders/l7/ynd7dytx1mx_39scszr6b7qm0000gn/T//ccgVBcAW.o
                0x000000000000119a                Reserved77_Handler
                0x000000000000119a                TCC0_MC5_Handler
                0x000000000000119a                SVCall_Handler
                0x000000000000119a                USB_SOF_HSOF_Handler
                0x000000000000119a                SERCOM0_2_Handler
                0x000000000000119a                TCC4_OTHER_Handler
                0x000000000000119a                TCC2_MC2_Handler
                0x000000000000119a                EVSYS_0_Handler
                0x000000000000119a                TRNG_Handler
                0x000000000000119a                HardFault_Handler
                0x000000000000119a                TC2_Handler
                0x000000000000119a                USB_TRCPT0_Handler
                0x000000000000119a                DAC_OTHER_Handler
                0x000000000000119a                AC_Handler
                0x000000000000119a                DAC_EMPTY_0_Handler
                0x000000000000119a                DMAC_OTHER_Handler
                0x000000000000119a                EIC_EXTINT_5_Handler
                0x000000000000119a                SERCOM3_1_Handler
                0x000000000000119a                SysTick_Handler
                0x000000000000119a                SERCOM4_OTHER_Handler
                0x000000000000119a                SERCOM3_2_Handler
                0x000000000000119a                EIC_EXTINT_6_Handler
                0x000000000000119a                PendSV_Handler
                0x000000000000119a                TCC4_MC0_Handler
                0x000000000000119a                EVSYS_3_Handler
                0x000000000000119a                QSPI_Handler
                0x000000000000119a                NonMaskableInt_Handler
                0x000000000000119a                TCC2_MC0_Handler
                0x000000000000119a                PDEC_OTHER_Handler
                0x000000000000119a                TCC3_MC0_Handler
                0x000000000000119a                PDEC_MC1_Handler
                0x000000000000119a                Reserved74_Handler
                0x000000000000119a                TCC2_MC1_Handler
                0x000000000000119a                OSCCTRL_XOSC1_Handler
                0x000000000000119a                PDEC_MC0_Handler
                0x000000000000119a                EIC_EXTINT_4_Handler
                0x000000000000119a                Reserved73_Handler
                0x000000000000119a                EIC_EXTINT_7_Handler
                0x000000000000119a                SERCOM0_OTHER_Handler
                0x000000000000119a                EVSYS_OTHER_Handler
                0x000000000000119a                Reserved72_Handler
                0x000000000000119a                SERCOM0_0_Handler
                0x000000000000119a                RTC_Handler
                0x000000000000119a                UsageFault_Handler
                0x000000000000119a                SERCOM4_0_Handler
                0x000000000000119a                TCC1_MC0_Handler
                0x000000000000119a                SERCOM1_OTHER_Handler
                0x000000000000119a                TCC2_OTHER_Handler
                0x000000000000119a                EIC_EXTINT_11_Handler
                0x000000000000119a                SUPC_BODDET_Handler
                0x000000000000119a                Reserved43_Handler
                0x000000000000119a                EIC_EXTINT_14_Handler
                0x000000000000119a                OSC32KCTRL_Handler
                0x000000000000119a                EVSYS_1_Handler
                0x000000000000119a                TCC4_MC1_Handler
                0x000000000000119a                DMAC_0_Handler
                0x000000000000119a                SUPC_OTHER_Handler
                0x000000000000119a                WDT_Handler
                0x000000000000119a                CAN0_Handler
                0x000000000000119a                EIC_EXTINT_15_Handler
                0x000000000000119a                EIC_EXTINT_1_Handler
                0x000000000000119a                TCC3_MC1_Handler
                0x000000000000119a                SERCOM5_0_Handler
                0x000000000000119a                TC4_Handler
                0x000000000000119a                TC1_Handler
                0x000000000000119a                TCC1_MC1_Handler
                0x000000000000119a                EIC_EXTINT_0_Handler
                0x000000000000119a                TCC1_OTHER_Handler
                0x000000000000119a                PAC_Handler
                0x000000000000119a                Reserved71_Handler
                0x000000000000119a                SERCOM4_1_Handler
                0x000000000000119a                TC3_Handler
                0x000000000000119a                Dummy_Handler
                0x000000000000119a                DAC_RESRDY_0_Handler
                0x000000000000119a                SERCOM5_1_Handler
                0x000000000000119a                DMAC_2_Handler
                0x000000000000119a                TCC0_MC4_Handler
                0x000000000000119a                USB_TRCPT1_Handler
                0x000000000000119a                SERCOM0_1_Handler
                0x000000000000119a                TCC0_MC3_Handler
                0x000000000000119a                EIC_EXTINT_12_Handler
                0x000000000000119a                OSCCTRL_DPLL0_Handler
                0x000000000000119a                SERCOM5_OTHER_Handler
                0x000000000000119a                PM_Handler
                0x000000000000119a                OSCCTRL_DFLL_Handler
                0x000000000000119a                Reserved84_Handler
                0x000000000000119a                DAC_RESRDY_1_Handler
                0x000000000000119a                DMAC_1_Handler
                0x000000000000119a                USB_OTHER_Handler
                0x000000000000119a                CAN1_Handler
                0x000000000000119a                Reserved42_Handler
                0x000000000000119a                TCC0_OTHER_Handler
                0x000000000000119a                EIC_EXTINT_10_Handler
                0x000000000000119a                TCC1_MC3_Handler
                0x000000000000119a                OSCCTRL_XOSC0_Handler
                0x000000000000119a                Reserved44_Handler
                0x000000000000119a                TCC0_MC0_Handler
                0x000000000000119a                EIC_EXTINT_2_Handler
                0x000000000000119a                SDHC0_Handler
                0x000000000000119a                SERCOM1_1_Handler
                0x000000000000119a                I2S_Handler
                0x000000000000119a                PCC_Handler
                0x000000000000119a                TCC3_OTHER_Handler
                0x000000000000119a                EIC_EXTINT_13_Handler
                0x000000000000119a                SERCOM1_0_Handler
                0x000000000000119a                PUKCC_Handler
                0x000000000000119a                SERCOM2_1_Handler
                0x000000000000119a                SERCOM1_2_Handler
                0x000000000000119a                SERCOM3_0_Handler
                0x000000000000119a                SERCOM4_2_Handler
                0x000000000000119a                TCC1_MC2_Handler
                0x000000000000119a                ADC1_RESRDY_Handler
                0x000000000000119a                NVMCTRL_1_Handler
                0x000000000000119a                SERCOM5_2_Handler
                0x000000000000119a                Reserved113_Handler
                0x000000000000119a                Reserved70_Handler
                0x000000000000119a                SERCOM2_2_Handler
                0x000000000000119a                DAC_EMPTY_1_Handler
                0x000000000000119a                ADC1_OTHER_Handler
                0x000000000000119a                EIC_EXTINT_3_Handler
                0x000000000000119a                OSCCTRL_DPLL1_Handler
                0x000000000000119a                SERCOM3_OTHER_Handler
                0x000000000000119a                EIC_EXTINT_8_Handler
                0x000000000000119a                NVMCTRL_0_Handler
                0x000000000000119a                ADC0_RESRDY_Handler
                0x000000000000119a                Reserved114_Handler
                0x000000000000119a                ADC0_OTHER_Handler
                0x000000000000119a                MCLK_Handler
                0x000000000000119a                EVSYS_2_Handler
                0x000000000000119a                Reserved75_Handler
                0x000000000000119a                SERCOM2_OTHER_Handler
                0x000000000000119a                BusFault_Handler
                0x000000000000119a                Reserved76_Handler
                0x000000000000119a                FREQM_Handler
                0x000000000000119a                TC0_Handler
                0x000000000000119a                MemoryManagement_Handler
                0x000000000000119a                TCC0_MC1_Handler
                0x000000000000119a                DMAC_3_Handler
                0x000000000000119a                DebugMonitor_Handler
                0x000000000000119a                RAMECC_Handler
                0x000000000000119a                TC5_Handler
                0x000000000000119a                SERCOM2_0_Handler
                0x000000000000119a                ICM_Handler
                0x000000000000119a                AES_Handler
                0x000000000000119a                TCC0_MC2_Handler
                0x000000000000119a                EIC_EXTINT_9_Handler

.text.__dummy%28
                0x00000000000011f0        0x2
 .text.__dummy  0x00000000000011f0        0x2 /Applications/microchip/xc32/v4.45/bin/bin/../../lib/gcc/pic32c/8.3.1/../../../../pic32c/lib/thumb/v7e-m+fp/hard/libg-musl.a(__libc_start_main.o)
                0x00000000000011f0                __init_host
                0x00000000000011f0                __init_stdio

.text%z35       0x0000000000000000        0x0
 .text          0x0000000000000000        0x0 /Applications/microchip/xc32/v4.45/bin/bin/../../lib/gcc/pic32c/8.3.1/../../../../pic32c/lib/thumb/v7e-m+fp/hard/libpic32c.a(pic32_data_init_copy.o)

.text%z36       0x0000000000000000        0x0
 .text          0x0000000000000000        0x0 /Applications/microchip/xc32/v4.45/bin/bin/../../lib/gcc/pic32c/8.3.1/../../../../pic32c/lib/thumb/v7e-m+fp/hard/libpic32c.a(pic32_data_init_clear.o)

.text%z37       0x0000000000000000        0x0
 .text          0x0000000000000000        0x0 /Applications/microchip/xc32/v4.45/bin/bin/../../lib/gcc/pic32c/8.3.1/thumb/v7e-m+fp/hard/crtn.o

.text%z38       0x0000000000000000        0x0
 .text          0x0000000000000000        0x0 /Applications/microchip/xc32/v4.45/bin/bin/../../lib/gcc/pic32c/8.3.1/thumb/v7e-m+fp/hard/crtend.o

.text%z39       0x0000000000000000        0x0
 .text          0x0000000000000000        0x0 /Applications/microchip/xc32/v4.45/bin/bin/../../lib/gcc/pic32c/8.3.1/../../../../pic32c/lib/thumb/v7e-m+fp/hard/libg-musl.a(__environ.o)

.text%z40       0x0000000000000000        0x0
 .text          0x0000000000000000        0x0 /Applications/microchip/xc32/v4.45/bin/bin/../../lib/gcc/pic32c/8.3.1/../../../../pic32c/lib/thumb/v7e-m+fp/hard/libg-musl.a(libc.o)

.text%z41       0x0000000000000000        0x0
 .text          0x0000000000000000        0x0 /Applications/microchip/xc32/v4.45/bin/bin/../../lib/gcc/pic32c/8.3.1/../../../../pic32c/lib/thumb/v7e-m+fp/hard/libg-musl.a(__libc_start_main.o)

.text%z42       0x0000000000000000        0x0
 .text          0x0000000000000000        0x0 /Applications/microchip/xc32/v4.45/bin/bin/../../lib/gcc/pic32c/8.3.1/../../../../pic32c/lib/thumb/v7e-m+fp/hard/libc-size-musl.a(memcpy.o)

.text%z43       0x0000000000000000        0x0
 .text          0x0000000000000000        0x0 /Applications/microchip/xc32/v4.45/bin/bin/../../lib/gcc/pic32c/8.3.1/../../../../pic32c/lib/thumb/v7e-m+fp/hard/libpic32c.a(data_init.o)

.text%z44       0x0000000000000000        0x0
 .text          0x0000000000000000        0x0 /var/folders/l7/ynd7dytx1mx_39scszr6b7qm0000gn/T//ccgVBcAW.o

.text%z45       0x0000000000000000        0x0
 .text          0x0000000000000000        0x0 /Applications/microchip/xc32/v4.45/bin/bin/../../lib/gcc/pic32c/8.3.1/thumb/v7e-m+fp/hard/crti.o
